Restore Archived Project report for GFIS_SEP_INICIO
Wed Jun 25 18:45:10 2025
Quartus Prime Version 17.1.1 Internal Build 593 12/11/2017 SJ Standard Edition


---------------------
; Table of Contents ;
---------------------
  1. Legal Notice
  2. Restore Archived Project Summary
  3. Restore Archived Project Messages
  4. Files Restored
  5. Files Not Restored



----------------
; Legal Notice ;
----------------
Copyright (C) 2017  Intel Corporation. All rights reserved.
Your use of Intel Corporation's design tools, logic functions 
and other software and tools, and its AMPP partner logic 
functions, and any output files from any of the foregoing 
(including device programming or simulation files), and any 
associated documentation or information are expressly subject 
to the terms and conditions of the Intel Program License 
Subscription Agreement, the Intel Quartus Prime License Agreement,
the Intel FPGA IP License Agreement, or other applicable license
agreement, including, without limitation, that your use is for
the sole purpose of programming logic devices manufactured by
Intel and sold by Intel or its authorized distributors.  Please
refer to the applicable agreement for further details.



+-------------------------------------------------------------------------+
; Restore Archived Project Summary                                        ;
+---------------------------------+---------------------------------------+
; Restore Archived Project Status ; Successful - Wed Jun 25 18:45:10 2025 ;
; Revision Name                   ; GFIS_SEP_INICIO                       ;
; Top-level Entity Name           ; top_sistema                           ;
; Family                          ; Cyclone V                             ;
+---------------------------------+---------------------------------------+


+-----------------------------------+
; Restore Archived Project Messages ;
+-----------------------------------+
Info: Successfully restored 'C:/Users/rrodort/Documents/sid_dds_final/quartus/objetivo1_quartus/SEP_GEN_SENOIDES_INICIO (1).qar' into the 'C:/Users/rrodort/Documents/sid_dds_final/quartus/objetivo1_quartus/' directory
Info: Generated report 'GFIS_SEP_INICIO.restore.rpt'
Info (23030): Evaluation of Tcl script c:/intelfpga/17.1/quartus/common/tcl/apps/qpm/qar.tcl was successful
Info: Quartus Prime Shell was successful. 0 errors, 0 warnings
    Info: Peak virtual memory: 4863 megabytes
    Info: Processing ended: Wed Jun 25 18:45:10 2025
    Info: Elapsed time: 00:00:02
    Info: Total CPU time (on all processors): 00:00:01


+------------------------------------------+
; Files Restored                           ;
+------------------------------------------+
; File Name                                ;
+------------------------------------------+
; qar_info.json                            ;
; CLK125mhZ.cmp                            ;
; CLK125mhZ.qip                            ;
; CLK125mhZ.sip                            ;
; CLK125mhZ.spd                            ;
; CLK125mhZ.v                              ;
; CLK125mhZ/CLK125mhZ_0002.qip             ;
; CLK125mhZ/CLK125mhZ_0002.v               ;
; CLK125mhZ_sim/CLK125mhZ.vo               ;
; Control_path_tb.v                        ;
; GFIS_SEP.qsf                             ;
; GFIS_SEP_INICIO.qsf                      ;
; GFIS_SEP_assignment_defaults.qdf         ;
; PRUEBAS_GFIS_SEP/CORE_IP_DDS_inicio.sv   ;
; PRUEBAS_GFIS_SEP/DDS_rafa_red.sv         ;
; PRUEBAS_GFIS_SEP/memoria_dual_port.sv    ;
; db/stp1_auto_stripped.stp                ;
; output_files/GFIS_SEP_INICIO.asm.rpt     ;
; output_files/GFIS_SEP_INICIO.eda.rpt     ;
; output_files/GFIS_SEP_INICIO.fit.rpt     ;
; output_files/GFIS_SEP_INICIO.fit.smsg    ;
; output_files/GFIS_SEP_INICIO.fit.summary ;
; output_files/GFIS_SEP_INICIO.flow.rpt    ;
; output_files/GFIS_SEP_INICIO.jdi         ;
; output_files/GFIS_SEP_INICIO.map.rpt     ;
; output_files/GFIS_SEP_INICIO.map.summary ;
; output_files/GFIS_SEP_INICIO.pin         ;
; output_files/GFIS_SEP_INICIO.sld         ;
; output_files/GFIS_SEP_INICIO.sof         ;
; output_files/GFIS_SEP_INICIO.sta.rpt     ;
; output_files/GFIS_SEP_INICIO.sta.summary ;
; stp1.stp                                 ;
; tarea_aceleracion.qpf                    ;
; top_sistema.sv                           ;
+------------------------------------------+


+--------------------+
; Files Not Restored ;
+--------------------+
; File Name          ;
+--------------------+


